*****************************************
* Welcome to BreachDepressionsLeastCost *
* Powered by WhiteboxTools              *
* www.whiteboxgeo.com                   *
*****************************************
Reading data...
Finding pits: 0%
Finding pits: 1%
Finding pits: 2%
Finding pits: 3%
Finding pits: 4%
Finding pits: 5%
Finding pits: 6%
Finding pits: 7%
Finding pits: 8%
Finding pits: 9%
Finding pits: 10%
Finding pits: 11%
Finding pits: 12%
Finding pits: 13%
Finding pits: 14%
Finding pits: 15%
Finding pits: 16%
Finding pits: 17%
Finding pits: 18%
Finding pits: 19%
Finding pits: 20%
Finding pits: 21%
Finding pits: 22%
Finding pits: 23%
Finding pits: 24%
Finding pits: 25%
Finding pits: 26%
Finding pits: 27%
Finding pits: 28%
Finding pits: 29%
Finding pits: 30%
Finding pits: 31%
Finding pits: 32%
Finding pits: 33%
Finding pits: 34%
Finding pits: 35%
Finding pits: 36%
Finding pits: 37%
Finding pits: 38%
Finding pits: 39%
Finding pits: 40%
Finding pits: 41%
Finding pits: 42%
Finding pits: 43%
Finding pits: 44%
Finding pits: 45%
Finding pits: 46%
Finding pits: 47%
Finding pits: 48%
Finding pits: 49%
Finding pits: 50%
Finding pits: 51%
Finding pits: 52%
Finding pits: 53%
Finding pits: 54%
Finding pits: 55%
Finding pits: 56%
Finding pits: 57%
Finding pits: 58%
Finding pits: 59%
Finding pits: 60%
Finding pits: 61%
Finding pits: 62%
Finding pits: 63%
Finding pits: 64%
Finding pits: 65%
Finding pits: 66%
Finding pits: 67%
Finding pits: 68%
Finding pits: 69%
Finding pits: 70%
Finding pits: 71%
Finding pits: 72%
Finding pits: 73%
Finding pits: 74%
Finding pits: 75%
Finding pits: 76%
Finding pits: 77%
Finding pits: 78%
Finding pits: 79%
Finding pits: 80%
Finding pits: 81%
Finding pits: 82%
Finding pits: 83%
Finding pits: 84%
Finding pits: 85%
Finding pits: 86%
Finding pits: 87%
Finding pits: 88%
Finding pits: 89%
Finding pits: 90%
Finding pits: 91%
Finding pits: 92%
Finding pits: 93%
Finding pits: 94%
Finding pits: 95%
Finding pits: 96%
Finding pits: 97%
Finding pits: 98%
Finding pits: 99%
Finding pits: 100%
Breaching: 0%
Breaching: 1%
Breaching: 2%
Breaching: 3%
Breaching: 4%
Breaching: 5%
Breaching: 6%
Breaching: 7%
Breaching: 8%
Breaching: 9%
Breaching: 10%
Breaching: 11%
Breaching: 12%
Breaching: 13%
Breaching: 14%
Breaching: 15%
Breaching: 16%
Breaching: 17%
Breaching: 18%
Breaching: 19%
Breaching: 20%
Breaching: 21%
Breaching: 22%
Breaching: 23%
Breaching: 24%
Breaching: 25%
Breaching: 26%
Breaching: 27%
Breaching: 28%
Breaching: 29%
Breaching: 30%
Breaching: 31%
Breaching: 32%
Breaching: 33%
Breaching: 34%
Breaching: 35%
Breaching: 36%
Breaching: 37%
Breaching: 38%
Breaching: 39%
Breaching: 40%
Breaching: 41%
Breaching: 42%
Breaching: 43%
Breaching: 44%
Breaching: 45%
Breaching: 46%
Breaching: 47%
Breaching: 48%
Breaching: 49%
Breaching: 50%
Breaching: 51%
Breaching: 52%
Breaching: 53%
Breaching: 54%
Breaching: 55%
Breaching: 56%
Breaching: 57%
Breaching: 58%
Breaching: 59%
Breaching: 60%
Breaching: 61%
Breaching: 62%
Breaching: 63%
Breaching: 64%
Breaching: 65%
Breaching: 66%
Breaching: 67%
Breaching: 68%
Breaching: 69%
Breaching: 70%
Breaching: 71%
Breaching: 72%
Breaching: 73%
Breaching: 74%
Breaching: 75%
Breaching: 76%
Breaching: 77%
Breaching: 78%
Breaching: 79%
Breaching: 80%
Breaching: 81%
Breaching: 82%
Breaching: 83%
Breaching: 84%
Breaching: 85%
Breaching: 86%
Breaching: 87%
Breaching: 88%
Breaching: 89%
Breaching: 90%
Breaching: 91%
Breaching: 92%
Breaching: 93%
Breaching: 94%
Breaching: 95%
Breaching: 96%
Breaching: 97%
Breaching: 98%
Breaching: 99%
Breaching: 100%
Translated flat searches reused: 175668
Speculative searches recomputed: 320
Num. solved pits: 400026
Num. unsolved pits: 0
Saving data...
Output file written
Elapsed Time (excluding I/O): 6min 24.45s
